Отсюда начнется лог.Новая строка 1 лога
Новая строка 2 лога
Новая строка 3 лога
Новая строка 4 лога
Новая строка 5 лога
Новая строка 6 лога
Новая строка 7 лога
Новая строка 8 лога
Новая строка 9 лога
Новая строка 10 лога
Новая строка 11 лога
Новая строка 12 лога
Новая строка 13 лога
Новая строка 14 лога
Новая строка 15 лога
Новая строка 16 лога
Новая строка 17 лога
Новая строка 18 лога
Новая строка 19 лога
Новая строка 20 лога
Новая строка 21 лога
Новая строка 22 лога
Новая строка 23 лога
Новая строка 24 лога
Новая строка 25 лога
Новая строка 26 лога
Новая строка 27 лога
Новая строка 28 лога
Новая строка 29 лога
Новая строка 30 лога
Новая строка 31 лога
Новая строка 32 лога
Новая строка 33 лога
Новая строка 34 лога
Новая строка 35 лога
Новая строка 36 лога
Новая строка 37 лога
Новая строка 38 лога
Новая строка 39 лога
Новая строка 40 лога
Новая строка 41 лога
Новая строка 42 лога
Новая строка 43 лога
Новая строка 44 лога
Новая строка 45 лога
Новая строка 46 лога
Новая строка 47 лога
Новая строка 48 лога
Новая строка 49 лога
Новая строка 50 лога
Новая строка 51 лога
Новая строка 52 лога
Новая строка 53 лога
Новая строка 54 лога
Новая строка 55 лога
Новая строка 56 лога
Новая строка 57 лога
Новая строка 58 лога
Новая строка 59 лога
Новая строка 60 лога
Новая строка 61 лога
Новая строка 62 лога
Новая строка 63 лога
Новая строка 64 лога
Новая строка 65 лога
Новая строка 66 лога
Новая строка 67 лога
Новая строка 68 лога
Новая строка 69 лога
Новая строка 70 лога
Новая строка 71 лога
Новая строка 1 лога
Новая строка 2 лога
Новая строка 3 лога
Новая строка 4 лога
Новая строка 5 лога
Новая строка 6 лога
Новая строка 7 лога
Новая строка 8 лога
Новая строка 9 лога
Новая строка 10 лога
